Component: Arm Compiler for Embedded 6.18 Tool: armlink [5e4cc100]

==============================================================================

Section Cross References

    main_hcsr04.o(.text.main) refers to startup.o(.text) for DisableInterrupts
    main_hcsr04.o(.text.main) refers to pll.o(.text.PLL_Init) for PLL_Init
    main_hcsr04.o(.text.main) refers to uart.o(.text.UART_Init) for UART_Init
    main_hcsr04.o(.text.main) refers to hcsr04.o(.text.hcsr04_Init) for hcsr04_Init
    main_hcsr04.o(.text.main) refers to hcsr04.o(.text.send_Trigger) for send_Trigger
    main_hcsr04.o(.text.main) refers to hcsr04.o(.text.Timer0ACapture_EchoWidth) for Timer0ACapture_EchoWidth
    main_hcsr04.o(.text.main) refers to uart.o(.text.UART_OutUDec) for UART_OutUDec
    main_hcsr04.o(.ARM.exidx.text.main) refers to main_hcsr04.o(.text.main) for [Anonymous Symbol]
    hcsr04.o(.text.send_Trigger) refers to hcsr04.o(.text.DelayMs) for DelayMs
    hcsr04.o(.ARM.exidx.text.send_Trigger) refers to hcsr04.o(.text.send_Trigger) for [Anonymous Symbol]
    hcsr04.o(.ARM.exidx.text.DelayMs) refers to hcsr04.o(.text.DelayMs) for [Anonymous Symbol]
    hcsr04.o(.ARM.exidx.text.hcsr04_Init) refers to hcsr04.o(.text.hcsr04_Init) for [Anonymous Symbol]
    hcsr04.o(.ARM.exidx.text.Timer0ACapture_EchoWidth) refers to hcsr04.o(.text.Timer0ACapture_EchoWidth) for [Anonymous Symbol]
    startup.o(RESET) refers to startup.o(STACK) for StackMem
    startup.o(RESET) refers to uart.o(.text.UART0_Handler) for UART0_Handler
    startup.o(RESET) refers to timer0a.o(.text.Timer0A_Handler) for Timer0A_Handler
    startup.o(RESET) refers to timer1a.o(.text.Timer1A_Handler) for Timer1A_Handler
    startup.o(RESET) refers to timer2a.o(.text.Timer2A_Handler) for Timer2A_Handler
    startup.o(RESET) refers to timer5a.o(.text.Timer5A_Handler) for Timer5A_Handler
    startup.o(RESET) refers to entry.o(.ARM.Collect$$$$00000000) for __main
    pll.o(.ARM.exidx.text.PLL_Init) refers to pll.o(.text.PLL_Init) for [Anonymous Symbol]
    unified_port_init.o(.text.Unified_Port_Init) refers to unified_port_init.o(.text.Port_A_Init) for Port_A_Init
    unified_port_init.o(.text.Unified_Port_Init) refers to unified_port_init.o(.text.Port_B_Init) for Port_B_Init
    unified_port_init.o(.text.Unified_Port_Init) refers to unified_port_init.o(.text.Port_C_Init) for Port_C_Init
    unified_port_init.o(.text.Unified_Port_Init) refers to unified_port_init.o(.text.Port_D_Init) for Port_D_Init
    unified_port_init.o(.text.Unified_Port_Init) refers to unified_port_init.o(.text.Port_E_Init) for Port_E_Init
    unified_port_init.o(.text.Unified_Port_Init) refers to unified_port_init.o(.text.Port_F_Init) for Port_F_Init
    unified_port_init.o(.ARM.exidx.text.Unified_Port_Init) refers to unified_port_init.o(.text.Unified_Port_Init) for [Anonymous Symbol]
    unified_port_init.o(.ARM.exidx.text.Port_A_Init) refers to unified_port_init.o(.text.Port_A_Init) for [Anonymous Symbol]
    unified_port_init.o(.ARM.exidx.text.Port_B_Init) refers to unified_port_init.o(.text.Port_B_Init) for [Anonymous Symbol]
    unified_port_init.o(.ARM.exidx.text.Port_C_Init) refers to unified_port_init.o(.text.Port_C_Init) for [Anonymous Symbol]
    unified_port_init.o(.ARM.exidx.text.Port_D_Init) refers to unified_port_init.o(.text.Port_D_Init) for [Anonymous Symbol]
    unified_port_init.o(.ARM.exidx.text.Port_E_Init) refers to unified_port_init.o(.text.Port_E_Init) for [Anonymous Symbol]
    unified_port_init.o(.ARM.exidx.text.Port_F_Init) refers to unified_port_init.o(.text.Port_F_Init) for [Anonymous Symbol]
    timer0a.o(.text.Timer0A_Init) refers to timer0a.o(.bss.PeriodicTask0) for PeriodicTask0
    timer0a.o(.ARM.exidx.text.Timer0A_Init) refers to timer0a.o(.text.Timer0A_Init) for [Anonymous Symbol]
    timer0a.o(.text.Timer0A_Handler) refers to timer0a.o(.bss.PeriodicTask0) for PeriodicTask0
    timer0a.o(.ARM.exidx.text.Timer0A_Handler) refers to timer0a.o(.text.Timer0A_Handler) for [Anonymous Symbol]
    timer0a.o(.ARM.exidx.text.Timer0A_Stop) refers to timer0a.o(.text.Timer0A_Stop) for [Anonymous Symbol]
    timer2a.o(.text.Timer2A_Init) refers to timer2a.o(.bss.PeriodicTask2) for PeriodicTask2
    timer2a.o(.ARM.exidx.text.Timer2A_Init) refers to timer2a.o(.text.Timer2A_Init) for [Anonymous Symbol]
    timer2a.o(.text.Timer2A_Handler) refers to timer2a.o(.bss.PeriodicTask2) for PeriodicTask2
    timer2a.o(.ARM.exidx.text.Timer2A_Handler) refers to timer2a.o(.text.Timer2A_Handler) for [Anonymous Symbol]
    timer2a.o(.ARM.exidx.text.Timer2A_Stop) refers to timer2a.o(.text.Timer2A_Stop) for [Anonymous Symbol]
    timer5a.o(.text.Timer5A_Init) refers to timer5a.o(.bss.PeriodicTask5) for PeriodicTask5
    timer5a.o(.ARM.exidx.text.Timer5A_Init) refers to timer5a.o(.text.Timer5A_Init) for [Anonymous Symbol]
    timer5a.o(.text.Timer5A_Handler) refers to timer5a.o(.bss.PeriodicTask5) for PeriodicTask5
    timer5a.o(.ARM.exidx.text.Timer5A_Handler) refers to timer5a.o(.text.Timer5A_Handler) for [Anonymous Symbol]
    timer5a.o(.ARM.exidx.text.Timer5A_Start) refers to timer5a.o(.text.Timer5A_Start) for [Anonymous Symbol]
    timer5a.o(.ARM.exidx.text.Timer5A_Stop) refers to timer5a.o(.text.Timer5A_Stop) for [Anonymous Symbol]
    timer1a.o(.text.Timer1A_Init) refers to timer1a.o(.bss.PeriodicTask1) for PeriodicTask1
    timer1a.o(.ARM.exidx.text.Timer1A_Init) refers to timer1a.o(.text.Timer1A_Init) for [Anonymous Symbol]
    timer1a.o(.text.Timer1A_Handler) refers to timer1a.o(.bss.PeriodicTask1) for PeriodicTask1
    timer1a.o(.ARM.exidx.text.Timer1A_Handler) refers to timer1a.o(.text.Timer1A_Handler) for [Anonymous Symbol]
    timer1a.o(.ARM.exidx.text.Timer1A_Stop) refers to timer1a.o(.text.Timer1A_Stop) for [Anonymous Symbol]
    uart.o(.text.RxFifo_Init) refers to startup.o(.text) for StartCritical
    uart.o(.text.RxFifo_Init) refers to uart.o(.bss.RxGetI) for RxGetI
    uart.o(.text.RxFifo_Init) refers to uart.o(.bss.RxPutI) for RxPutI
    uart.o(.ARM.exidx.text.RxFifo_Init) refers to uart.o(.text.RxFifo_Init) for [Anonymous Symbol]
    uart.o(.text.RxFifo_Put) refers to uart.o(.bss.RxPutI) for RxPutI
    uart.o(.text.RxFifo_Put) refers to uart.o(.bss.RxGetI) for RxGetI
    uart.o(.text.RxFifo_Put) refers to uart.o(.bss.RxFifo) for RxFifo
    uart.o(.ARM.exidx.text.RxFifo_Put) refers to uart.o(.text.RxFifo_Put) for [Anonymous Symbol]
    uart.o(.text.RxFifo_Get) refers to uart.o(.bss.RxPutI) for RxPutI
    uart.o(.text.RxFifo_Get) refers to uart.o(.bss.RxGetI) for RxGetI
    uart.o(.text.RxFifo_Get) refers to uart.o(.bss.RxFifo) for RxFifo
    uart.o(.ARM.exidx.text.RxFifo_Get) refers to uart.o(.text.RxFifo_Get) for [Anonymous Symbol]
    uart.o(.text.RxFifo_Size) refers to uart.o(.bss.RxPutI) for RxPutI
    uart.o(.text.RxFifo_Size) refers to uart.o(.bss.RxGetI) for RxGetI
    uart.o(.ARM.exidx.text.RxFifo_Size) refers to uart.o(.text.RxFifo_Size) for [Anonymous Symbol]
    uart.o(.text.TxFifo_Init) refers to startup.o(.text) for StartCritical
    uart.o(.text.TxFifo_Init) refers to uart.o(.bss.TxGetI) for TxGetI
    uart.o(.text.TxFifo_Init) refers to uart.o(.bss.TxPutI) for TxPutI
    uart.o(.ARM.exidx.text.TxFifo_Init) refers to uart.o(.text.TxFifo_Init) for [Anonymous Symbol]
    uart.o(.text.TxFifo_Put) refers to uart.o(.bss.TxPutI) for TxPutI
    uart.o(.text.TxFifo_Put) refers to uart.o(.bss.TxGetI) for TxGetI
    uart.o(.text.TxFifo_Put) refers to uart.o(.bss.TxFifo) for TxFifo
    uart.o(.ARM.exidx.text.TxFifo_Put) refers to uart.o(.text.TxFifo_Put) for [Anonymous Symbol]
    uart.o(.text.TxFifo_Get) refers to uart.o(.bss.TxPutI) for TxPutI
    uart.o(.text.TxFifo_Get) refers to uart.o(.bss.TxGetI) for TxGetI
    uart.o(.text.TxFifo_Get) refers to uart.o(.bss.TxFifo) for TxFifo
    uart.o(.ARM.exidx.text.TxFifo_Get) refers to uart.o(.text.TxFifo_Get) for [Anonymous Symbol]
    uart.o(.text.TxFifo_Size) refers to uart.o(.bss.TxPutI) for TxPutI
    uart.o(.text.TxFifo_Size) refers to uart.o(.bss.TxGetI) for TxGetI
    uart.o(.ARM.exidx.text.TxFifo_Size) refers to uart.o(.text.TxFifo_Size) for [Anonymous Symbol]
    uart.o(.text.UART_Init) refers to uart.o(.text.RxFifo_Init) for RxFifo_Init
    uart.o(.text.UART_Init) refers to uart.o(.text.TxFifo_Init) for TxFifo_Init
    uart.o(.text.UART_Init) refers to startup.o(.text) for EnableInterrupts
    uart.o(.ARM.exidx.text.UART_Init) refers to uart.o(.text.UART_Init) for [Anonymous Symbol]
    uart.o(.text.UART_InChar) refers to uart.o(.text.RxFifo_Get) for RxFifo_Get
    uart.o(.ARM.exidx.text.UART_InChar) refers to uart.o(.text.UART_InChar) for [Anonymous Symbol]
    uart.o(.text.UART_InCharNonBlock) refers to uart.o(.text.RxFifo_Get) for RxFifo_Get
    uart.o(.ARM.exidx.text.UART_InCharNonBlock) refers to uart.o(.text.UART_InCharNonBlock) for [Anonymous Symbol]
    uart.o(.text.UART_OutChar) refers to uart.o(.text.TxFifo_Put) for TxFifo_Put
    uart.o(.text.UART_OutChar) refers to uart.o(.text.copySoftwareToHardware) for copySoftwareToHardware
    uart.o(.ARM.exidx.text.UART_OutChar) refers to uart.o(.text.UART_OutChar) for [Anonymous Symbol]
    uart.o(.text.copySoftwareToHardware) refers to uart.o(.text.TxFifo_Size) for TxFifo_Size
    uart.o(.text.copySoftwareToHardware) refers to uart.o(.text.TxFifo_Get) for TxFifo_Get
    uart.o(.ARM.exidx.text.copySoftwareToHardware) refers to uart.o(.text.copySoftwareToHardware) for [Anonymous Symbol]
    uart.o(.text.UART0_Handler) refers to uart.o(.text.copySoftwareToHardware) for copySoftwareToHardware
    uart.o(.text.UART0_Handler) refers to uart.o(.text.TxFifo_Size) for TxFifo_Size
    uart.o(.text.UART0_Handler) refers to uart.o(.text.copyHardwareToSoftware) for copyHardwareToSoftware
    uart.o(.ARM.exidx.text.UART0_Handler) refers to uart.o(.text.UART0_Handler) for [Anonymous Symbol]
    uart.o(.text.copyHardwareToSoftware) refers to uart.o(.text.RxFifo_Size) for RxFifo_Size
    uart.o(.text.copyHardwareToSoftware) refers to uart.o(.text.RxFifo_Put) for RxFifo_Put
    uart.o(.ARM.exidx.text.copyHardwareToSoftware) refers to uart.o(.text.copyHardwareToSoftware) for [Anonymous Symbol]
    uart.o(.text.UART_OutString) refers to uart.o(.text.UART_OutChar) for UART_OutChar
    uart.o(.ARM.exidx.text.UART_OutString) refers to uart.o(.text.UART_OutString) for [Anonymous Symbol]
    uart.o(.text.UART_InUDec) refers to uart.o(.text.UART_InChar) for UART_InChar
    uart.o(.text.UART_InUDec) refers to uart.o(.text.UART_OutChar) for UART_OutChar
    uart.o(.ARM.exidx.text.UART_InUDec) refers to uart.o(.text.UART_InUDec) for [Anonymous Symbol]
    uart.o(.text.UART_OutUDec) refers to uart.o(.text.UART_OutChar) for UART_OutChar
    uart.o(.ARM.exidx.text.UART_OutUDec) refers to uart.o(.text.UART_OutUDec) for [Anonymous Symbol]
    uart.o(.text.UART_InUHex) refers to uart.o(.text.UART_InChar) for UART_InChar
    uart.o(.text.UART_InUHex) refers to uart.o(.text.UART_OutChar) for UART_OutChar
    uart.o(.ARM.exidx.text.UART_InUHex) refers to uart.o(.text.UART_InUHex) for [Anonymous Symbol]
    uart.o(.text.UART_OutUHex) refers to uart.o(.text.UART_OutChar) for UART_OutChar
    uart.o(.ARM.exidx.text.UART_OutUHex) refers to uart.o(.text.UART_OutUHex) for [Anonymous Symbol]
    uart.o(.text.UART_InString) refers to uart.o(.text.UART_InChar) for UART_InChar
    uart.o(.text.UART_InString) refers to uart.o(.text.UART_OutChar) for UART_OutChar
    uart.o(.ARM.exidx.text.UART_InString) refers to uart.o(.text.UART_InString) for [Anonymous Symbol]
    entry.o(.ARM.Collect$$$$00000000) refers (Special) to entry10a.o(.ARM.Collect$$$$0000000D) for __rt_final_cpp
    entry.o(.ARM.Collect$$$$00000000) refers (Special) to entry11a.o(.ARM.Collect$$$$0000000F) for __rt_final_exit
    entry.o(.ARM.Collect$$$$00000000) refers (Special) to entry7b.o(.ARM.Collect$$$$00000008) for _main_clock
    entry.o(.ARM.Collect$$$$00000000) refers (Special) to entry8b.o(.ARM.Collect$$$$0000000A) for _main_cpp_init
    entry.o(.ARM.Collect$$$$00000000) refers (Special) to entry9a.o(.ARM.Collect$$$$0000000B) for _main_init
    entry.o(.ARM.Collect$$$$00000000) refers (Special) to entry5.o(.ARM.Collect$$$$00000004) for _main_scatterload
    entry.o(.ARM.Collect$$$$00000000) refers (Special) to entry2.o(.ARM.Collect$$$$00000001) for _main_stk
    entry2.o(.ARM.Collect$$$$00000001) refers to entry2.o(.ARM.Collect$$$$00002712) for __lit__00000000
    entry2.o(.ARM.Collect$$$$00002712) refers to startup.o(STACK) for __initial_sp
    entry2.o(__vectab_stack_and_reset_area) refers to startup.o(STACK) for __initial_sp
    entry2.o(__vectab_stack_and_reset_area) refers to entry.o(.ARM.Collect$$$$00000000) for __main
    entry5.o(.ARM.Collect$$$$00000004) refers to init.o(.text) for __scatterload
    entry9a.o(.ARM.Collect$$$$0000000B) refers to main_hcsr04.o(.text.main) for main
    entry9b.o(.ARM.Collect$$$$0000000C) refers to main_hcsr04.o(.text.main) for main
    init.o(.text) refers to entry5.o(.ARM.Collect$$$$00000004) for __main_after_scatterload


==============================================================================

Removing Unused input sections from the image.

    Removing main_hcsr04.o(.text), (0 bytes).
    Removing main_hcsr04.o(.ARM.exidx.text.main), (8 bytes).
    Removing main_hcsr04.o(.ARM.use_no_argv), (4 bytes).
    Removing hcsr04.o(.text), (0 bytes).
    Removing hcsr04.o(.ARM.exidx.text.send_Trigger), (8 bytes).
    Removing hcsr04.o(.ARM.exidx.text.DelayMs), (8 bytes).
    Removing hcsr04.o(.ARM.exidx.text.hcsr04_Init), (8 bytes).
    Removing hcsr04.o(.ARM.exidx.text.Timer0ACapture_EchoWidth), (8 bytes).
    Removing startup.o(HEAP), (0 bytes).
    Removing pll.o(.text), (0 bytes).
    Removing pll.o(.ARM.exidx.text.PLL_Init), (8 bytes).
    Removing unified_port_init.o(.text), (0 bytes).
    Removing unified_port_init.o(.text.Unified_Port_Init), (28 bytes).
    Removing unified_port_init.o(.ARM.exidx.text.Unified_Port_Init), (8 bytes).
    Removing unified_port_init.o(.text.Port_A_Init), (296 bytes).
    Removing unified_port_init.o(.ARM.exidx.text.Port_A_Init), (8 bytes).
    Removing unified_port_init.o(.text.Port_B_Init), (330 bytes).
    Removing unified_port_init.o(.ARM.exidx.text.Port_B_Init), (8 bytes).
    Removing unified_port_init.o(.text.Port_C_Init), (132 bytes).
    Removing unified_port_init.o(.ARM.exidx.text.Port_C_Init), (8 bytes).
    Removing unified_port_init.o(.text.Port_D_Init), (240 bytes).
    Removing unified_port_init.o(.ARM.exidx.text.Port_D_Init), (8 bytes).
    Removing unified_port_init.o(.text.Port_E_Init), (218 bytes).
    Removing unified_port_init.o(.ARM.exidx.text.Port_E_Init), (8 bytes).
    Removing unified_port_init.o(.text.Port_F_Init), (136 bytes).
    Removing unified_port_init.o(.ARM.exidx.text.Port_F_Init), (8 bytes).
    Removing timer0a.o(.text), (0 bytes).
    Removing timer0a.o(.text.Timer0A_Init), (162 bytes).
    Removing timer0a.o(.ARM.exidx.text.Timer0A_Init), (8 bytes).
    Removing timer0a.o(.ARM.exidx.text.Timer0A_Handler), (8 bytes).
    Removing timer0a.o(.text.Timer0A_Stop), (26 bytes).
    Removing timer0a.o(.ARM.exidx.text.Timer0A_Stop), (8 bytes).
    Removing timer2a.o(.text), (0 bytes).
    Removing timer2a.o(.text.Timer2A_Init), (160 bytes).
    Removing timer2a.o(.ARM.exidx.text.Timer2A_Init), (8 bytes).
    Removing timer2a.o(.ARM.exidx.text.Timer2A_Handler), (8 bytes).
    Removing timer2a.o(.text.Timer2A_Stop), (28 bytes).
    Removing timer2a.o(.ARM.exidx.text.Timer2A_Stop), (8 bytes).
    Removing timer5a.o(.text), (0 bytes).
    Removing timer5a.o(.text.Timer5A_Init), (160 bytes).
    Removing timer5a.o(.ARM.exidx.text.Timer5A_Init), (8 bytes).
    Removing timer5a.o(.ARM.exidx.text.Timer5A_Handler), (8 bytes).
    Removing timer5a.o(.text.Timer5A_Start), (58 bytes).
    Removing timer5a.o(.ARM.exidx.text.Timer5A_Start), (8 bytes).
    Removing timer5a.o(.text.Timer5A_Stop), (60 bytes).
    Removing timer5a.o(.ARM.exidx.text.Timer5A_Stop), (8 bytes).
    Removing timer1a.o(.text), (0 bytes).
    Removing timer1a.o(.text.Timer1A_Init), (160 bytes).
    Removing timer1a.o(.ARM.exidx.text.Timer1A_Init), (8 bytes).
    Removing timer1a.o(.ARM.exidx.text.Timer1A_Handler), (8 bytes).
    Removing timer1a.o(.text.Timer1A_Stop), (28 bytes).
    Removing timer1a.o(.ARM.exidx.text.Timer1A_Stop), (8 bytes).
    Removing uart.o(.text), (0 bytes).
    Removing uart.o(.ARM.exidx.text.RxFifo_Init), (8 bytes).
    Removing uart.o(.ARM.exidx.text.RxFifo_Put), (8 bytes).
    Removing uart.o(.text.RxFifo_Get), (82 bytes).
    Removing uart.o(.ARM.exidx.text.RxFifo_Get), (8 bytes).
    Removing uart.o(.ARM.exidx.text.RxFifo_Size), (8 bytes).
    Removing uart.o(.ARM.exidx.text.TxFifo_Init), (8 bytes).
    Removing uart.o(.ARM.exidx.text.TxFifo_Put), (8 bytes).
    Removing uart.o(.ARM.exidx.text.TxFifo_Get), (8 bytes).
    Removing uart.o(.ARM.exidx.text.TxFifo_Size), (8 bytes).
    Removing uart.o(.ARM.exidx.text.UART_Init), (8 bytes).
    Removing uart.o(.text.UART_InChar), (28 bytes).
    Removing uart.o(.ARM.exidx.text.UART_InChar), (8 bytes).
    Removing uart.o(.text.UART_InCharNonBlock), (42 bytes).
    Removing uart.o(.ARM.exidx.text.UART_InCharNonBlock), (8 bytes).
    Removing uart.o(.ARM.exidx.text.UART_OutChar), (8 bytes).
    Removing uart.o(.ARM.exidx.text.copySoftwareToHardware), (8 bytes).
    Removing uart.o(.ARM.exidx.text.UART0_Handler), (8 bytes).
    Removing uart.o(.ARM.exidx.text.copyHardwareToSoftware), (8 bytes).
    Removing uart.o(.text.UART_OutString), (36 bytes).
    Removing uart.o(.ARM.exidx.text.UART_OutString), (8 bytes).
    Removing uart.o(.text.UART_InUDec), (152 bytes).
    Removing uart.o(.ARM.exidx.text.UART_InUDec), (8 bytes).
    Removing uart.o(.ARM.exidx.text.UART_OutUDec), (8 bytes).
    Removing uart.o(.text.UART_InUHex), (218 bytes).
    Removing uart.o(.ARM.exidx.text.UART_InUHex), (8 bytes).
    Removing uart.o(.text.UART_OutUHex), (72 bytes).
    Removing uart.o(.ARM.exidx.text.UART_OutUHex), (8 bytes).
    Removing uart.o(.text.UART_InString), (136 bytes).
    Removing uart.o(.ARM.exidx.text.UART_InString), (8 bytes).

82 unused section(s) (total 3368 bytes) removed from the image.

==============================================================================

Image Symbol Table

    Local Symbols

    Symbol Name                              Value     Ov Type        Size  Object(Section)

    ../clib/microlib/init/entry.s            0x00000000   Number         0  entry.o ABSOLUTE
    ../clib/microlib/init/entry.s            0x00000000   Number         0  entry2.o ABSOLUTE
    ../clib/microlib/init/entry.s            0x00000000   Number         0  entry5.o ABSOLUTE
    ../clib/microlib/init/entry.s            0x00000000   Number         0  entry7a.o ABSOLUTE
    ../clib/microlib/init/entry.s            0x00000000   Number         0  entry7b.o ABSOLUTE
    ../clib/microlib/init/entry.s            0x00000000   Number         0  entry8a.o ABSOLUTE
    ../clib/microlib/init/entry.s            0x00000000   Number         0  entry8b.o ABSOLUTE
    ../clib/microlib/init/entry.s            0x00000000   Number         0  entry9a.o ABSOLUTE
    ../clib/microlib/init/entry.s            0x00000000   Number         0  entry9b.o ABSOLUTE
    ../clib/microlib/init/entry.s            0x00000000   Number         0  entry10a.o ABSOLUTE
    ../clib/microlib/init/entry.s            0x00000000   Number         0  entry10b.o ABSOLUTE
    ../clib/microlib/init/entry.s            0x00000000   Number         0  entry11a.o ABSOLUTE
    ../clib/microlib/init/entry.s            0x00000000   Number         0  entry11b.o ABSOLUTE
    PLL.c                                    0x00000000   Number         0  pll.o ABSOLUTE
    Timer0A.c                                0x00000000   Number         0  timer0a.o ABSOLUTE
    Timer1A.c                                0x00000000   Number         0  timer1a.o ABSOLUTE
    Timer2A.c                                0x00000000   Number         0  timer2a.o ABSOLUTE
    Timer5A.c                                0x00000000   Number         0  timer5a.o ABSOLUTE
    UART.c                                   0x00000000   Number         0  uart.o ABSOLUTE
    Unified_Port_Init.c                      0x00000000   Number         0  unified_port_init.o ABSOLUTE
    dc.s                                     0x00000000   Number         0  dc.o ABSOLUTE
    handlers.s                               0x00000000   Number         0  handlers.o ABSOLUTE
    hcsr04.c                                 0x00000000   Number         0  hcsr04.o ABSOLUTE
    inc/startup.s                            0x00000000   Number         0  startup.o ABSOLUTE
    init.s                                   0x00000000   Number         0  init.o ABSOLUTE
    main_hcsr04.c                            0x00000000   Number         0  main_hcsr04.o ABSOLUTE
    RESET                                    0x00000000   Section      660  startup.o(RESET)
    $v0                                      0x0000026c   Number         0  startup.o(RESET)
    NMI_Handler                              0x00000281   Thumb Code     0  startup.o(RESET)
    .ARM.Collect$$$$00000000                 0x00000294   Section        0  entry.o(.ARM.Collect$$$$00000000)
    .ARM.Collect$$$$00000001                 0x00000294   Section        4  entry2.o(.ARM.Collect$$$$00000001)
    .ARM.Collect$$$$00000004                 0x00000298   Section        4  entry5.o(.ARM.Collect$$$$00000004)
    .ARM.Collect$$$$00000008                 0x0000029c   Section        0  entry7b.o(.ARM.Collect$$$$00000008)
    .ARM.Collect$$$$0000000A                 0x0000029c   Section        0  entry8b.o(.ARM.Collect$$$$0000000A)
    .ARM.Collect$$$$0000000B                 0x0000029c   Section        8  entry9a.o(.ARM.Collect$$$$0000000B)
    __lit__00000000                          0x000002a4   Data           4  entry2.o(.ARM.Collect$$$$00002712)
    .ARM.Collect$$$$0000000D                 0x000002a4   Section        0  entry10a.o(.ARM.Collect$$$$0000000D)
    .ARM.Collect$$$$0000000F                 0x000002a4   Section        0  entry11a.o(.ARM.Collect$$$$0000000F)
    .ARM.Collect$$$$00002712                 0x000002a4   Section        4  entry2.o(.ARM.Collect$$$$00002712)
    $v0                                      0x000002a8   Number         0  startup.o(.text)
    .text                                    0x000002a8   Section       28  startup.o(.text)
    .text                                    0x000002c4   Section       36  init.o(.text)
    DelayMs                                  0x000002e9   Thumb Code    48  hcsr04.o(.text.DelayMs)
    [Anonymous Symbol]                       0x000002e8   Section        0  hcsr04.o(.text.DelayMs)
    [Anonymous Symbol]                       0x00000318   Section        0  pll.o(.text.PLL_Init)
    [Anonymous Symbol]                       0x000003a4   Section        0  uart.o(.text.RxFifo_Init)
    [Anonymous Symbol]                       0x000003d0   Section        0  uart.o(.text.RxFifo_Put)
    [Anonymous Symbol]                       0x00000428   Section        0  uart.o(.text.RxFifo_Size)
    [Anonymous Symbol]                       0x00000440   Section        0  hcsr04.o(.text.Timer0ACapture_EchoWidth)
    [Anonymous Symbol]                       0x000004b8   Section        0  timer0a.o(.text.Timer0A_Handler)
    [Anonymous Symbol]                       0x000004d4   Section        0  timer1a.o(.text.Timer1A_Handler)
    [Anonymous Symbol]                       0x000004f0   Section        0  timer2a.o(.text.Timer2A_Handler)
    [Anonymous Symbol]                       0x0000050c   Section        0  timer5a.o(.text.Timer5A_Handler)
    [Anonymous Symbol]                       0x00000528   Section        0  uart.o(.text.TxFifo_Get)
    [Anonymous Symbol]                       0x0000057c   Section        0  uart.o(.text.TxFifo_Init)
    [Anonymous Symbol]                       0x000005a8   Section        0  uart.o(.text.TxFifo_Put)
    [Anonymous Symbol]                       0x00000600   Section        0  uart.o(.text.TxFifo_Size)
    [Anonymous Symbol]                       0x00000618   Section        0  uart.o(.text.UART0_Handler)
    [Anonymous Symbol]                       0x000006a4   Section        0  uart.o(.text.UART_Init)
    [Anonymous Symbol]                       0x00000798   Section        0  uart.o(.text.UART_OutChar)
    [Anonymous Symbol]                       0x000007d4   Section        0  uart.o(.text.UART_OutUDec)
    copyHardwareToSoftware                   0x0000081d   Thumb Code    82  uart.o(.text.copyHardwareToSoftware)
    [Anonymous Symbol]                       0x0000081c   Section        0  uart.o(.text.copyHardwareToSoftware)
    copySoftwareToHardware                   0x00000871   Thumb Code    78  uart.o(.text.copySoftwareToHardware)
    [Anonymous Symbol]                       0x00000870   Section        0  uart.o(.text.copySoftwareToHardware)
    [Anonymous Symbol]                       0x000008c0   Section        0  hcsr04.o(.text.hcsr04_Init)
    [Anonymous Symbol]                       0x000009fc   Section        0  main_hcsr04.o(.text.main)
    [Anonymous Symbol]                       0x00000a78   Section        0  hcsr04.o(.text.send_Trigger)
    i.__scatterload_copy                     0x00000ab8   Section       14  handlers.o(i.__scatterload_copy)
    i.__scatterload_null                     0x00000ac6   Section        2  handlers.o(i.__scatterload_null)
    i.__scatterload_zeroinit                 0x00000ac8   Section       14  handlers.o(i.__scatterload_zeroinit)
    RxFifo                                   0x20000010   Data          64  uart.o(.bss.RxFifo)
    [Anonymous Symbol]                       0x20000010   Section        0  uart.o(.bss.RxFifo)
    TxFifo                                   0x20000058   Data          64  uart.o(.bss.TxFifo)
    [Anonymous Symbol]                       0x20000058   Section        0  uart.o(.bss.TxFifo)
    StackMem                                 0x200000a0   Data           0  startup.o(STACK)
    STACK                                    0x200000a0   Section     1024  startup.o(STACK)

    Global Symbols

    Symbol Name                              Value     Ov Type        Size  Object(Section)

    BuildAttributes$$THM_ISAv4$E$P$D$K$B$S$7EM$VFPi3$EXTD16$VFPS$VFMA$PE$A:L22UL41UL21$X:L11$S22US41US21$IEEE1$IW$~IW$USESV6$~STKCKD$USESV7$~SHL$OSPACE$EBA8$MICROLIB$REQ8$PRES8$EABIv2 0x00000000   Number         0  anon$$obj.o ABSOLUTE
    __Vectors                                0x00000000   Data           0  startup.o(RESET)
    __cpp_initialize__aeabi_                  - Undefined Weak Reference
    __cxa_finalize                            - Undefined Weak Reference
    __decompress                              - Undefined Weak Reference
    _clock_init                               - Undefined Weak Reference
    _microlib_exit                            - Undefined Weak Reference
    Reset_Handler                            0x0000026d   Thumb Code     0  startup.o(RESET)
    HardFault_Handler                        0x00000283   Thumb Code     2  startup.o(RESET)
    MemManage_Handler                        0x00000285   Thumb Code     2  startup.o(RESET)
    BusFault_Handler                         0x00000287   Thumb Code     2  startup.o(RESET)
    UsageFault_Handler                       0x00000289   Thumb Code     2  startup.o(RESET)
    SVC_Handler                              0x0000028b   Thumb Code     2  startup.o(RESET)
    DebugMon_Handler                         0x0000028d   Thumb Code     2  startup.o(RESET)
    PendSV_Handler                           0x0000028f   Thumb Code     2  startup.o(RESET)
    SysTick_Handler                          0x00000291   Thumb Code     2  startup.o(RESET)
    ADC0Seq0_Handler                         0x00000293   Thumb Code     0  startup.o(RESET)
    ADC0Seq1_Handler                         0x00000293   Thumb Code     0  startup.o(RESET)
    ADC0Seq2_Handler                         0x00000293   Thumb Code     0  startup.o(RESET)
    ADC0Seq3_Handler                         0x00000293   Thumb Code     0  startup.o(RESET)
    ADC1Seq0_Handler                         0x00000293   Thumb Code     0  startup.o(RESET)
    ADC1Seq1_Handler                         0x00000293   Thumb Code     0  startup.o(RESET)
    ADC1Seq2_Handler                         0x00000293   Thumb Code     0  startup.o(RESET)
    ADC1Seq3_Handler                         0x00000293   Thumb Code     0  startup.o(RESET)
    CAN0_Handler                             0x00000293   Thumb Code     0  startup.o(RESET)
    CAN1_Handler                             0x00000293   Thumb Code     0  startup.o(RESET)
    CAN2_Handler                             0x00000293   Thumb Code     0  startup.o(RESET)
    Comp0_Handler                            0x00000293   Thumb Code     0  startup.o(RESET)
    Comp1_Handler                            0x00000293   Thumb Code     0  startup.o(RESET)
    Comp2_Handler                            0x00000293   Thumb Code     0  startup.o(RESET)
    Ethernet_Handler                         0x00000293   Thumb Code     0  startup.o(RESET)
    ExtBus_Handler                           0x00000293   Thumb Code     0  startup.o(RESET)
    FPU_Handler                              0x00000293   Thumb Code     0  startup.o(RESET)
    Fan0_Handler                             0x00000293   Thumb Code     0  startup.o(RESET)
    FlashCtl_Handler                         0x00000293   Thumb Code     0  startup.o(RESET)
    GPIOPortA_Handler                        0x00000293   Thumb Code     0  startup.o(RESET)
    GPIOPortB_Handler                        0x00000293   Thumb Code     0  startup.o(RESET)
    GPIOPortC_Handler                        0x00000293   Thumb Code     0  startup.o(RESET)
    GPIOPortD_Handler                        0x00000293   Thumb Code     0  startup.o(RESET)
    GPIOPortE_Handler                        0x00000293   Thumb Code     0  startup.o(RESET)
    GPIOPortF_Handler                        0x00000293   Thumb Code     0  startup.o(RESET)
    GPIOPortG_Handler                        0x00000293   Thumb Code     0  startup.o(RESET)
    GPIOPortH_Handler                        0x00000293   Thumb Code     0  startup.o(RESET)
    GPIOPortJ_Handler                        0x00000293   Thumb Code     0  startup.o(RESET)
    GPIOPortK_Handler                        0x00000293   Thumb Code     0  startup.o(RESET)
    GPIOPortL_Handler                        0x00000293   Thumb Code     0  startup.o(RESET)
    GPIOPortM_Handler                        0x00000293   Thumb Code     0  startup.o(RESET)
    GPIOPortN_Handler                        0x00000293   Thumb Code     0  startup.o(RESET)
    GPIOPortP1_Handler                       0x00000293   Thumb Code     0  startup.o(RESET)
    GPIOPortP2_Handler                       0x00000293   Thumb Code     0  startup.o(RESET)
    GPIOPortP3_Handler                       0x00000293   Thumb Code     0  startup.o(RESET)
    GPIOPortP4_Handler                       0x00000293   Thumb Code     0  startup.o(RESET)
    GPIOPortP5_Handler                       0x00000293   Thumb Code     0  startup.o(RESET)
    GPIOPortP6_Handler                       0x00000293   Thumb Code     0  startup.o(RESET)
    GPIOPortP7_Handler                       0x00000293   Thumb Code     0  startup.o(RESET)
    GPIOPortP_Handler                        0x00000293   Thumb Code     0  startup.o(RESET)
    GPIOPortQ1_Handler                       0x00000293   Thumb Code     0  startup.o(RESET)
    GPIOPortQ2_Handler                       0x00000293   Thumb Code     0  startup.o(RESET)
    GPIOPortQ3_Handler                       0x00000293   Thumb Code     0  startup.o(RESET)
    GPIOPortQ4_Handler                       0x00000293   Thumb Code     0  startup.o(RESET)
    GPIOPortQ5_Handler                       0x00000293   Thumb Code     0  startup.o(RESET)
    GPIOPortQ6_Handler                       0x00000293   Thumb Code     0  startup.o(RESET)
    GPIOPortQ7_Handler                       0x00000293   Thumb Code     0  startup.o(RESET)
    GPIOPortQ_Handler                        0x00000293   Thumb Code     0  startup.o(RESET)
    GPIOPortR_Handler                        0x00000293   Thumb Code     0  startup.o(RESET)
    GPIOPortS_Handler                        0x00000293   Thumb Code     0  startup.o(RESET)
    Hibernate_Handler                        0x00000293   Thumb Code     0  startup.o(RESET)
    I2C0_Handler                             0x00000293   Thumb Code     0  startup.o(RESET)
    I2C1_Handler                             0x00000293   Thumb Code     0  startup.o(RESET)
    I2C2_Handler                             0x00000293   Thumb Code     0  startup.o(RESET)
    I2C3_Handler                             0x00000293   Thumb Code     0  startup.o(RESET)
    I2C4_Handler                             0x00000293   Thumb Code     0  startup.o(RESET)
    I2C5_Handler                             0x00000293   Thumb Code     0  startup.o(RESET)
    I2S0_Handler                             0x00000293   Thumb Code     0  startup.o(RESET)
    LPC0_Handler                             0x00000293   Thumb Code     0  startup.o(RESET)
    PECI0_Handler                            0x00000293   Thumb Code     0  startup.o(RESET)
    PWM0Fault_Handler                        0x00000293   Thumb Code     0  startup.o(RESET)
    PWM0Generator0_Handler                   0x00000293   Thumb Code     0  startup.o(RESET)
    PWM0Generator1_Handler                   0x00000293   Thumb Code     0  startup.o(RESET)
    PWM0Generator2_Handler                   0x00000293   Thumb Code     0  startup.o(RESET)
    PWM0Generator3_Handler                   0x00000293   Thumb Code     0  startup.o(RESET)
    PWM1Fault_Handler                        0x00000293   Thumb Code     0  startup.o(RESET)
    PWM1Generator0_Handler                   0x00000293   Thumb Code     0  startup.o(RESET)
    PWM1Generator1_Handler                   0x00000293   Thumb Code     0  startup.o(RESET)
    PWM1Generator2_Handler                   0x00000293   Thumb Code     0  startup.o(RESET)
    PWM1Generator3_Handler                   0x00000293   Thumb Code     0  startup.o(RESET)
    Quadrature0_Handler                      0x00000293   Thumb Code     0  startup.o(RESET)
    Quadrature1_Handler                      0x00000293   Thumb Code     0  startup.o(RESET)
    Quadrature2_Handler                      0x00000293   Thumb Code     0  startup.o(RESET)
    SSI0_Handler                             0x00000293   Thumb Code     0  startup.o(RESET)
    SSI1_Handler                             0x00000293   Thumb Code     0  startup.o(RESET)
    SSI2_Handler                             0x00000293   Thumb Code     0  startup.o(RESET)
    SSI3_Handler                             0x00000293   Thumb Code     0  startup.o(RESET)
    SysCtl_Handler                           0x00000293   Thumb Code     0  startup.o(RESET)
    Timer0B_Handler                          0x00000293   Thumb Code     0  startup.o(RESET)
    Timer1B_Handler                          0x00000293   Thumb Code     0  startup.o(RESET)
    Timer2B_Handler                          0x00000293   Thumb Code     0  startup.o(RESET)
    Timer3A_Handler                          0x00000293   Thumb Code     0  startup.o(RESET)
    Timer3B_Handler                          0x00000293   Thumb Code     0  startup.o(RESET)
    Timer4A_Handler                          0x00000293   Thumb Code     0  startup.o(RESET)
    Timer4B_Handler                          0x00000293   Thumb Code     0  startup.o(RESET)
    Timer5B_Handler                          0x00000293   Thumb Code     0  startup.o(RESET)
    UART1_Handler                            0x00000293   Thumb Code     0  startup.o(RESET)
    UART2_Handler                            0x00000293   Thumb Code     0  startup.o(RESET)
    UART3_Handler                            0x00000293   Thumb Code     0  startup.o(RESET)
    UART4_Handler                            0x00000293   Thumb Code     0  startup.o(RESET)
    UART5_Handler                            0x00000293   Thumb Code     0  startup.o(RESET)
    UART6_Handler                            0x00000293   Thumb Code     0  startup.o(RESET)
    UART7_Handler                            0x00000293   Thumb Code     0  startup.o(RESET)
    USB0_Handler                             0x00000293   Thumb Code     0  startup.o(RESET)
    WDT_Handler                              0x00000293   Thumb Code     0  startup.o(RESET)
    WideTimer0A_Handler                      0x00000293   Thumb Code     0  startup.o(RESET)
    WideTimer0B_Handler                      0x00000293   Thumb Code     0  startup.o(RESET)
    WideTimer1A_Handler                      0x00000293   Thumb Code     0  startup.o(RESET)
    WideTimer1B_Handler                      0x00000293   Thumb Code     0  startup.o(RESET)
    WideTimer2A_Handler                      0x00000293   Thumb Code     0  startup.o(RESET)
    WideTimer2B_Handler                      0x00000293   Thumb Code     0  startup.o(RESET)
    WideTimer3A_Handler                      0x00000293   Thumb Code     0  startup.o(RESET)
    WideTimer3B_Handler                      0x00000293   Thumb Code     0  startup.o(RESET)
    WideTimer4A_Handler                      0x00000293   Thumb Code     0  startup.o(RESET)
    WideTimer4B_Handler                      0x00000293   Thumb Code     0  startup.o(RESET)
    WideTimer5A_Handler                      0x00000293   Thumb Code     0  startup.o(RESET)
    WideTimer5B_Handler                      0x00000293   Thumb Code     0  startup.o(RESET)
    __aeabi_assert                           0x00000293   Thumb Code     0  startup.o(RESET)
    uDMA_Error                               0x00000293   Thumb Code     0  startup.o(RESET)
    uDMA_Handler                             0x00000293   Thumb Code     0  startup.o(RESET)
    __main                                   0x00000295   Thumb Code     0  entry.o(.ARM.Collect$$$$00000000)
    _main_stk                                0x00000295   Thumb Code     0  entry2.o(.ARM.Collect$$$$00000001)
    _main_scatterload                        0x00000299   Thumb Code     0  entry5.o(.ARM.Collect$$$$00000004)
    __main_after_scatterload                 0x0000029d   Thumb Code     0  entry5.o(.ARM.Collect$$$$00000004)
    _main_clock                              0x0000029d   Thumb Code     0  entry7b.o(.ARM.Collect$$$$00000008)
    _main_cpp_init                           0x0000029d   Thumb Code     0  entry8b.o(.ARM.Collect$$$$0000000A)
    _main_init                               0x0000029d   Thumb Code     0  entry9a.o(.ARM.Collect$$$$0000000B)
    __rt_final_cpp                           0x000002a5   Thumb Code     0  entry10a.o(.ARM.Collect$$$$0000000D)
    __rt_final_exit                          0x000002a5   Thumb Code     0  entry11a.o(.ARM.Collect$$$$0000000F)
    DisableInterrupts                        0x000002a9   Thumb Code     0  startup.o(.text)
    EnableInterrupts                         0x000002ad   Thumb Code     0  startup.o(.text)
    StartCritical                            0x000002b1   Thumb Code     0  startup.o(.text)
    EndCritical                              0x000002b9   Thumb Code     0  startup.o(.text)
    WaitForInterrupt                         0x000002bf   Thumb Code     0  startup.o(.text)
    __scatterload                            0x000002c5   Thumb Code    28  init.o(.text)
    __scatterload_rt2                        0x000002c5   Thumb Code     0  init.o(.text)
    PLL_Init                                 0x00000319   Thumb Code   138  pll.o(.text.PLL_Init)
    RxFifo_Init                              0x000003a5   Thumb Code    42  uart.o(.text.RxFifo_Init)
    RxFifo_Put                               0x000003d1   Thumb Code    86  uart.o(.text.RxFifo_Put)
    RxFifo_Size                              0x00000429   Thumb Code    24  uart.o(.text.RxFifo_Size)
    Timer0ACapture_EchoWidth                 0x00000441   Thumb Code   118  hcsr04.o(.text.Timer0ACapture_EchoWidth)
    Timer0A_Handler                          0x000004b9   Thumb Code    26  timer0a.o(.text.Timer0A_Handler)
    Timer1A_Handler                          0x000004d5   Thumb Code    28  timer1a.o(.text.Timer1A_Handler)
    Timer2A_Handler                          0x000004f1   Thumb Code    28  timer2a.o(.text.Timer2A_Handler)
    Timer5A_Handler                          0x0000050d   Thumb Code    28  timer5a.o(.text.Timer5A_Handler)
    TxFifo_Get                               0x00000529   Thumb Code    82  uart.o(.text.TxFifo_Get)
    TxFifo_Init                              0x0000057d   Thumb Code    42  uart.o(.text.TxFifo_Init)
    TxFifo_Put                               0x000005a9   Thumb Code    86  uart.o(.text.TxFifo_Put)
    TxFifo_Size                              0x00000601   Thumb Code    24  uart.o(.text.TxFifo_Size)
    UART0_Handler                            0x00000619   Thumb Code   138  uart.o(.text.UART0_Handler)
    UART_Init                                0x000006a5   Thumb Code   244  uart.o(.text.UART_Init)
    UART_OutChar                             0x00000799   Thumb Code    60  uart.o(.text.UART_OutChar)
    UART_OutUDec                             0x000007d5   Thumb Code    72  uart.o(.text.UART_OutUDec)
    hcsr04_Init                              0x000008c1   Thumb Code   316  hcsr04.o(.text.hcsr04_Init)
    main                                     0x000009fd   Thumb Code   124  main_hcsr04.o(.text.main)
    send_Trigger                             0x00000a79   Thumb Code    64  hcsr04.o(.text.send_Trigger)
    __scatterload_copy                       0x00000ab9   Thumb Code    14  handlers.o(i.__scatterload_copy)
    __scatterload_null                       0x00000ac7   Thumb Code     2  handlers.o(i.__scatterload_null)
    __scatterload_zeroinit                   0x00000ac9   Thumb Code    14  handlers.o(i.__scatterload_zeroinit)
    Region$$Table$$Base                      0x00000ad8   Number         0  anon$$obj.o(Region$$Table)
    Region$$Table$$Limit                     0x00000ae8   Number         0  anon$$obj.o(Region$$Table)
    PeriodicTask0                            0x20000000   Data           4  timer0a.o(.bss.PeriodicTask0)
    PeriodicTask1                            0x20000004   Data           4  timer1a.o(.bss.PeriodicTask1)
    PeriodicTask2                            0x20000008   Data           4  timer2a.o(.bss.PeriodicTask2)
    PeriodicTask5                            0x2000000c   Data           4  timer5a.o(.bss.PeriodicTask5)
    RxGetI                                   0x20000050   Data           4  uart.o(.bss.RxGetI)
    RxPutI                                   0x20000054   Data           4  uart.o(.bss.RxPutI)
    TxGetI                                   0x20000098   Data           4  uart.o(.bss.TxGetI)
    TxPutI                                   0x2000009c   Data           4  uart.o(.bss.TxPutI)
    __initial_sp                             0x200004a0   Data           0  startup.o(STACK)



==============================================================================

Memory Map of the image

  Image Entry point : 0x00000295

  Load Region LR_IROM1 (Base: 0x00000000, Size: 0x00000ae8, Max: 0x00040000, ABSOLUTE)

    Execution Region ER_IROM1 (Exec base: 0x00000000, Load base: 0x00000000, Size: 0x00000ae8, Max: 0x00040000, ABSOLUTE)

    Exec Addr    Load Addr    Size         Type   Attr      Idx    E Section Name        Object

    0x00000000   0x00000000   0x00000294   Code   RO           27    RESET               startup.o
    0x00000294   0x00000294   0x00000000   Code   RO          178  * .ARM.Collect$$$$00000000  mc_w.l(entry.o)
    0x00000294   0x00000294   0x00000004   Code   RO          181    .ARM.Collect$$$$00000001  mc_w.l(entry2.o)
    0x00000298   0x00000298   0x00000004   Code   RO          184    .ARM.Collect$$$$00000004  mc_w.l(entry5.o)
    0x0000029c   0x0000029c   0x00000000   Code   RO          186    .ARM.Collect$$$$00000008  mc_w.l(entry7b.o)
    0x0000029c   0x0000029c   0x00000000   Code   RO          188    .ARM.Collect$$$$0000000A  mc_w.l(entry8b.o)
    0x0000029c   0x0000029c   0x00000008   Code   RO          189    .ARM.Collect$$$$0000000B  mc_w.l(entry9a.o)
    0x000002a4   0x000002a4   0x00000000   Code   RO          191    .ARM.Collect$$$$0000000D  mc_w.l(entry10a.o)
    0x000002a4   0x000002a4   0x00000000   Code   RO          193    .ARM.Collect$$$$0000000F  mc_w.l(entry11a.o)
    0x000002a4   0x000002a4   0x00000004   Code   RO          182    .ARM.Collect$$$$00002712  mc_w.l(entry2.o)
    0x000002a8   0x000002a8   0x0000001c   Code   RO           28    .text               startup.o
    0x000002c4   0x000002c4   0x00000024   Code   RO          195    .text               mc_w.l(init.o)
    0x000002e8   0x000002e8   0x00000030   Code   RO           13    .text.DelayMs       hcsr04.o
    0x00000318   0x00000318   0x0000008a   Code   RO           37    .text.PLL_Init      pll.o
    0x000003a2   0x000003a2   0x00000002   PAD
    0x000003a4   0x000003a4   0x0000002a   Code   RO          124    .text.RxFifo_Init   uart.o
    0x000003ce   0x000003ce   0x00000002   PAD
    0x000003d0   0x000003d0   0x00000056   Code   RO          126    .text.RxFifo_Put    uart.o
    0x00000426   0x00000426   0x00000002   PAD
    0x00000428   0x00000428   0x00000018   Code   RO          130    .text.RxFifo_Size   uart.o
    0x00000440   0x00000440   0x00000076   Code   RO           17    .text.Timer0ACapture_EchoWidth  hcsr04.o
    0x000004b6   0x000004b6   0x00000002   PAD
    0x000004b8   0x000004b8   0x0000001a   Code   RO           68    .text.Timer0A_Handler  timer0a.o
    0x000004d2   0x000004d2   0x00000002   PAD
    0x000004d4   0x000004d4   0x0000001c   Code   RO          112    .text.Timer1A_Handler  timer1a.o
    0x000004f0   0x000004f0   0x0000001c   Code   RO           82    .text.Timer2A_Handler  timer2a.o
    0x0000050c   0x0000050c   0x0000001c   Code   RO           96    .text.Timer5A_Handler  timer5a.o
    0x00000528   0x00000528   0x00000052   Code   RO          136    .text.TxFifo_Get    uart.o
    0x0000057a   0x0000057a   0x00000002   PAD
    0x0000057c   0x0000057c   0x0000002a   Code   RO          132    .text.TxFifo_Init   uart.o
    0x000005a6   0x000005a6   0x00000002   PAD
    0x000005a8   0x000005a8   0x00000056   Code   RO          134    .text.TxFifo_Put    uart.o
    0x000005fe   0x000005fe   0x00000002   PAD
    0x00000600   0x00000600   0x00000018   Code   RO          138    .text.TxFifo_Size   uart.o
    0x00000618   0x00000618   0x0000008a   Code   RO          150    .text.UART0_Handler  uart.o
    0x000006a2   0x000006a2   0x00000002   PAD
    0x000006a4   0x000006a4   0x000000f4   Code   RO          140    .text.UART_Init     uart.o
    0x00000798   0x00000798   0x0000003c   Code   RO          146    .text.UART_OutChar  uart.o
    0x000007d4   0x000007d4   0x00000048   Code   RO          158    .text.UART_OutUDec  uart.o
    0x0000081c   0x0000081c   0x00000052   Code   RO          152    .text.copyHardwareToSoftware  uart.o
    0x0000086e   0x0000086e   0x00000002   PAD
    0x00000870   0x00000870   0x0000004e   Code   RO          148    .text.copySoftwareToHardware  uart.o
    0x000008be   0x000008be   0x00000002   PAD
    0x000008c0   0x000008c0   0x0000013c   Code   RO           15    .text.hcsr04_Init   hcsr04.o
    0x000009fc   0x000009fc   0x0000007c   Code   RO            2    .text.main          main_hcsr04.o
    0x00000a78   0x00000a78   0x00000040   Code   RO           11    .text.send_Trigger  hcsr04.o
    0x00000ab8   0x00000ab8   0x0000000e   Code   RO          199    i.__scatterload_copy  mc_w.l(handlers.o)
    0x00000ac6   0x00000ac6   0x00000002   Code   RO          200    i.__scatterload_null  mc_w.l(handlers.o)
    0x00000ac8   0x00000ac8   0x0000000e   Code   RO          201    i.__scatterload_zeroinit  mc_w.l(handlers.o)
    0x00000ad6   0x00000ad6   0x00000002   PAD
    0x00000ad8   0x00000ad8   0x00000010   Data   RO          198    Region$$Table       anon$$obj.o


    Execution Region RW_IRAM1 (Exec base: 0x20000000, Load base: 0x00000ae8, Size: 0x000004a0, Max: 0x00008000, ABSOLUTE)

    Exec Addr    Load Addr    Size         Type   Attr      Idx    E Section Name        Object

    0x20000000        -       0x00000004   Zero   RW           72    .bss.PeriodicTask0  timer0a.o
    0x20000004        -       0x00000004   Zero   RW          116    .bss.PeriodicTask1  timer1a.o
    0x20000008        -       0x00000004   Zero   RW           86    .bss.PeriodicTask2  timer2a.o
    0x2000000c        -       0x00000004   Zero   RW          102    .bss.PeriodicTask5  timer5a.o
    0x20000010        -       0x00000040   Zero   RW          168    .bss.RxFifo         uart.o
    0x20000050        -       0x00000004   Zero   RW          166    .bss.RxGetI         uart.o
    0x20000054        -       0x00000004   Zero   RW          167    .bss.RxPutI         uart.o
    0x20000058        -       0x00000040   Zero   RW          171    .bss.TxFifo         uart.o
    0x20000098        -       0x00000004   Zero   RW          169    .bss.TxGetI         uart.o
    0x2000009c        -       0x00000004   Zero   RW          170    .bss.TxPutI         uart.o
    0x200000a0        -       0x00000400   Zero   RW           25    STACK               startup.o


==============================================================================

Image component sizes


      Code (inc. data)   RO Data    RW Data    ZI Data      Debug   Object Name

       546          0          0          0          0       1256   hcsr04.o
       124          0          0          0          0        604   main_hcsr04.o
       138          0          0          0          0        572   pll.o
       688        622          0          0       1024        996   startup.o
        26          0          0          0          4        898   timer0a.o
        28          0          0          0          4        897   timer1a.o
        28          0          0          0          4        897   timer2a.o
        28          0          0          0          4       1015   timer5a.o
      1060          0          0          0        144       4478   uart.o

    ----------------------------------------------------------------------
      2688        622         16          0       1184      11613   Object Totals
         0          0         16          0          0          0   (incl. Generated)
        22          0          0          0          0          0   (incl. Padding)

    ----------------------------------------------------------------------

      Code (inc. data)   RO Data    RW Data    ZI Data      Debug   Library Member Name

         0          0          0          0          0          0   entry.o
         0          0          0          0          0          0   entry10a.o
         0          0          0          0          0          0   entry11a.o
         8          4          0          0          0          0   entry2.o
         4          0          0          0          0          0   entry5.o
         0          0          0          0          0          0   entry7b.o
         0          0          0          0          0          0   entry8b.o
         8          4          0          0          0          0   entry9a.o
        30          0          0          0          0          0   handlers.o
        36          8          0          0          0         68   init.o

    ----------------------------------------------------------------------
        88         16          0          0          0         68   Library Totals
         2          0          0          0          0          0   (incl. Padding)

    ----------------------------------------------------------------------

      Code (inc. data)   RO Data    RW Data    ZI Data      Debug   Library Name

        86         16          0          0          0         68   mc_w.l

    ----------------------------------------------------------------------
        88         16          0          0          0         68   Library Totals

    ----------------------------------------------------------------------

==============================================================================


      Code (inc. data)   RO Data    RW Data    ZI Data      Debug   

      2776        638         16          0       1184      11745   Grand Totals
      2776        638         16          0       1184      11745   ELF Image Totals
      2776        638         16          0          0          0   ROM Totals

==============================================================================

    Total RO  Size (Code + RO Data)                 2792 (   2.73kB)
    Total RW  Size (RW Data + ZI Data)              1184 (   1.16kB)
    Total ROM Size (Code + RO Data + RW Data)       2792 (   2.73kB)

==============================================================================

